// Jest Snapshot v1, https://goo.gl/fbAQLP

exports[`Banner should match snapshot when all data is passed correctly 1`] = `
<div
  className="Banner"
>
  <h1>
    FEE MOD2 Flashcards
  </h1>
</div>
`;
