// Jest Snapshot v1, https://goo.gl/fbAQLP

exports[`Counter should match snapshot when all data is passed correctly 1`] = `
<div
  className="Counter"
>
  <h2>
    Question 
    NaN
    /40
  </h2>
</div>
`;
