// Jest Snapshot v1, https://goo.gl/fbAQLP

exports[`Timer should match snapshot when all data is passed correctly 1`] = `
<div
  className="timer-container"
>
  <h2
    className="timer-clock"
  >
    15
    :
    00
  </h2>
</div>
`;
